{
    "cna2cnaqc - PURPLE - stub": {
        "content": [
            {
                "0": [
                    [
                        {
                            "id": "test",
                            "tumour_sample": "SYNTH_T",
                            "cna_caller": "PURPLE"
                        },
                        "test.rds:md5,d41d8cd98f00b204e9800998ecf8427e"
                    ]
                ],
                "1": [
                    "versions.yml:md5,a5ec7f7332c4e8b51eb2ad0ebff5d910"
                ],
                "rds": [
                    [
                        {
                            "id": "test",
                            "tumour_sample": "SYNTH_T",
                            "cna_caller": "PURPLE"
                        },
                        "test.rds:md5,d41d8cd98f00b204e9800998ecf8427e"
                    ]
                ],
                "versions": [
                    "versions.yml:md5,a5ec7f7332c4e8b51eb2ad0ebff5d910"
                ]
            }
        ],
        "timestamp": "2026-09-30T19:20:31.723731",
        "meta": {
            "nf-test": "0.9.5",
            "nextflow": "25.10.4"
        }
    },
    "cna2cnaqc - PURPLE": {
        "content": [
            {
                "0": [
                    [
                        {
                            "id": "test",
                            "tumour_sample": "SYNTH_T",
                            "cna_caller": "PURPLE"
                        },
                        "test_cna.rds:md5,2af0f096e78e6289007a6702501edfd7"
                    ]
                ],
                "1": [
                    "versions.yml:md5,c92a151b70587d0e7d5012288309c563"
                ],
                "rds": [
                    [
                        {
                            "id": "test",
                            "tumour_sample": "SYNTH_T",
                            "cna_caller": "PURPLE"
                        },
                        "test_cna.rds:md5,2af0f096e78e6289007a6702501edfd7"
                    ]
                ],
                "versions": [
                    "versions.yml:md5,c92a151b70587d0e7d5012288309c563"
                ]
            }
        ],
        "timestamp": "2026-09-30T19:20:26.450361",
        "meta": {
            "nf-test": "0.9.5",
            "nextflow": "25.10.4"
        }
    }
}